2026-05-25 15:58:49 - ERROR - ciberheroe.google_module.etl: line 34
         - Non-retriable error 400: [{'message': 'Mail service not enabled', 'domain': 'global', 'reason': 'failedPrecondition'}]
2026-05-25 15:58:52 - ERROR - ciberheroe.google_module.etl: line 34
         - Non-retriable error 400: [{'message': 'Mail service not enabled', 'domain': 'global', 'reason': 'failedPrecondition'}]
2026-05-25 15:58:55 - ERROR - ciberheroe.google_module.etl: line 34
         - Non-retriable error 400: [{'message': 'Mail service not enabled', 'domain': 'global', 'reason': 'failedPrecondition'}]
2026-05-25 15:58:58 - ERROR - ciberheroe.google_module.etl: line 34
         - Non-retriable error 400: [{'message': 'Mail service not enabled', 'domain': 'global', 'reason': 'failedPrecondition'}]
2026-05-25 15:58:59 - ERROR - ciberheroe.google_module.etl: line 34
         - Non-retriable error 400: [{'message': 'Mail service not enabled', 'domain': 'global', 'reason': 'failedPrecondition'}]
2026-05-25 15:59:02 - ERROR - ciberheroe.google_module.etl: line 34
         - Non-retriable error 400: [{'message': 'Mail service not enabled', 'domain': 'global', 'reason': 'failedPrecondition'}]
2026-05-25 15:59:03 - ERROR - ciberheroe.google_module.etl: line 34
         - Non-retriable error 400: [{'message': 'Mail service not enabled', 'domain': 'global', 'reason': 'failedPrecondition'}]
2026-05-25 15:59:07 - ERROR - ciberheroe.google_module.etl: line 34
         - Non-retriable error 400: [{'message': 'Mail service not enabled', 'domain': 'global', 'reason': 'failedPrecondition'}]
2026-05-25 15:59:07 - ERROR - ciberheroe.google_module.etl: line 34
         - Non-retriable error 400: [{'message': 'Mail service not enabled', 'domain': 'global', 'reason': 'failedPrecondition'}]
2026-05-25 15:59:08 - ERROR - ciberheroe.google_module.etl: line 34
         - Non-retriable error 400: [{'message': 'Mail service not enabled', 'domain': 'global', 'reason': 'failedPrecondition'}]
2026-05-25 15:59:10 - ERROR - ciberheroe.google_module.etl: line 34
         - Non-retriable error 400: [{'message': 'Mail service not enabled', 'domain': 'global', 'reason': 'failedPrecondition'}]
2026-05-25 15:59:13 - ERROR - ciberheroe.google_module.etl: line 34
         - Non-retriable error 400: [{'message': 'Mail service not enabled', 'domain': 'global', 'reason': 'failedPrecondition'}]
2026-05-25 15:59:17 - ERROR - ciberheroe.google_module.etl: line 34
         - Non-retriable error 400: [{'message': 'Mail service not enabled', 'domain': 'global', 'reason': 'failedPrecondition'}]
2026-05-25 15:59:17 - ERROR - ciberheroe.google_module.etl: line 34
         - Non-retriable error 400: [{'message': 'Mail service not enabled', 'domain': 'global', 'reason': 'failedPrecondition'}]
2026-05-25 15:59:18 - ERROR - ciberheroe.google_module.etl: line 34
         - Non-retriable error 400: [{'message': 'Mail service not enabled', 'domain': 'global', 'reason': 'failedPrecondition'}]
2026-05-25 15:59:20 - ERROR - ciberheroe.google_module.etl: line 34
         - Non-retriable error 400: [{'message': 'Mail service not enabled', 'domain': 'global', 'reason': 'failedPrecondition'}]
2026-05-25 15:59:22 - ERROR - ciberheroe.google_module.etl: line 34
         - Non-retriable error 400: [{'message': 'Mail service not enabled', 'domain': 'global', 'reason': 'failedPrecondition'}]
2026-05-25 15:59:23 - ERROR - ciberheroe.google_module.etl: line 34
         - Non-retriable error 400: [{'message': 'Mail service not enabled', 'domain': 'global', 'reason': 'failedPrecondition'}]
2026-05-25 15:59:26 - ERROR - ciberheroe.google_module.etl: line 34
         - Non-retriable error 400: [{'message': 'Mail service not enabled', 'domain': 'global', 'reason': 'failedPrecondition'}]
2026-05-25 15:59:29 - ERROR - ciberheroe.google_module.etl: line 34
         - Non-retriable error 400: [{'message': 'Mail service not enabled', 'domain': 'global', 'reason': 'failedPrecondition'}]
2026-05-25 15:59:30 - ERROR - ciberheroe.google_module.etl: line 34
         - Non-retriable error 400: [{'message': 'Mail service not enabled', 'domain': 'global', 'reason': 'failedPrecondition'}]
2026-05-25 15:59:33 - ERROR - ciberheroe.google_module.etl: line 34
         - Non-retriable error 400: [{'message': 'Mail service not enabled', 'domain': 'global', 'reason': 'failedPrecondition'}]
2026-05-25 15:59:35 - ERROR - ciberheroe.google_module.etl: line 34
         - Non-retriable error 400: [{'message': 'Mail service not enabled', 'domain': 'global', 'reason': 'failedPrecondition'}]
2026-05-25 15:59:36 - ERROR - ciberheroe.google_module.etl: line 34
         - Non-retriable error 400: [{'message': 'Mail service not enabled', 'domain': 'global', 'reason': 'failedPrecondition'}]
2026-05-25 15:59:37 - ERROR - ciberheroe.google_module.etl: line 34
         - Non-retriable error 400: [{'message': 'Mail service not enabled', 'domain': 'global', 'reason': 'failedPrecondition'}]
2026-05-25 15:59:38 - ERROR - ciberheroe.google_module.etl: line 34
         - Non-retriable error 400: [{'message': 'Mail service not enabled', 'domain': 'global', 'reason': 'failedPrecondition'}]
2026-05-25 15:59:41 - ERROR - ciberheroe.google_module.etl: line 34
         - Non-retriable error 400: [{'message': 'Mail service not enabled', 'domain': 'global', 'reason': 'failedPrecondition'}]
2026-05-25 15:59:43 - ERROR - ciberheroe.google_module.etl: line 34
         - Non-retriable error 400: [{'message': 'Mail service not enabled', 'domain': 'global', 'reason': 'failedPrecondition'}]
2026-05-25 15:59:44 - ERROR - ciberheroe.google_module.etl: line 34
         - Non-retriable error 400: [{'message': 'Mail service not enabled', 'domain': 'global', 'reason': 'failedPrecondition'}]
2026-05-25 15:59:45 - ERROR - ciberheroe.google_module.etl: line 34
         - Non-retriable error 400: [{'message': 'Mail service not enabled', 'domain': 'global', 'reason': 'failedPrecondition'}]
2026-05-25 15:59:46 - ERROR - ciberheroe.google_module.etl: line 34
         - Non-retriable error 400: [{'message': 'Mail service not enabled', 'domain': 'global', 'reason': 'failedPrecondition'}]
2026-05-25 15:59:48 - ERROR - ciberheroe.google_module.etl: line 34
         - Non-retriable error 400: [{'message': 'Mail service not enabled', 'domain': 'global', 'reason': 'failedPrecondition'}]
2026-05-25 15:59:50 - ERROR - ciberheroe.google_module.etl: line 34
         - Non-retriable error 400: [{'message': 'Mail service not enabled', 'domain': 'global', 'reason': 'failedPrecondition'}]
2026-05-25 15:59:52 - ERROR - ciberheroe.google_module.etl: line 34
         - Non-retriable error 400: [{'message': 'Mail service not enabled', 'domain': 'global', 'reason': 'failedPrecondition'}]
2026-05-25 15:59:54 - ERROR - ciberheroe.google_module.etl: line 34
         - Non-retriable error 400: [{'message': 'Mail service not enabled', 'domain': 'global', 'reason': 'failedPrecondition'}]
2026-05-25 15:59:57 - ERROR - ciberheroe.google_module.etl: line 34
         - Non-retriable error 400: [{'message': 'Mail service not enabled', 'domain': 'global', 'reason': 'failedPrecondition'}]
2026-05-25 15:59:58 - ERROR - ciberheroe.google_module.etl: line 34
         - Non-retriable error 400: [{'message': 'Mail service not enabled', 'domain': 'global', 'reason': 'failedPrecondition'}]
2026-05-25 15:59:59 - ERROR - ciberheroe.google_module.etl: line 34
         - Non-retriable error 400: [{'message': 'Mail service not enabled', 'domain': 'global', 'reason': 'failedPrecondition'}]
2026-05-25 16:00:00 - ERROR - ciberheroe.google_module.etl: line 34
         - Non-retriable error 400: [{'message': 'Mail service not enabled', 'domain': 'global', 'reason': 'failedPrecondition'}]
2026-05-25 16:00:02 - ERROR - ciberheroe.google_module.etl: line 34
         - Non-retriable error 400: [{'message': 'Mail service not enabled', 'domain': 'global', 'reason': 'failedPrecondition'}]
2026-05-25 16:00:03 - ERROR - ciberheroe.google_module.etl: line 34
         - Non-retriable error 400: [{'message': 'Mail service not enabled', 'domain': 'global', 'reason': 'failedPrecondition'}]
2026-05-25 16:00:04 - ERROR - ciberheroe.google_module.etl: line 34
         - Non-retriable error 400: [{'message': 'Mail service not enabled', 'domain': 'global', 'reason': 'failedPrecondition'}]
2026-05-25 16:00:05 - ERROR - ciberheroe.google_module.etl: line 34
         - Non-retriable error 400: [{'message': 'Mail service not enabled', 'domain': 'global', 'reason': 'failedPrecondition'}]
2026-05-25 16:00:05 - ERROR - ciberheroe.google_module.etl: line 34
         - Non-retriable error 400: [{'message': 'Mail service not enabled', 'domain': 'global', 'reason': 'failedPrecondition'}]
2026-05-25 16:00:12 - ERROR - ciberheroe.google_module.etl: line 34
         - Non-retriable error 400: [{'message': 'Mail service not enabled', 'domain': 'global', 'reason': 'failedPrecondition'}]
2026-05-25 16:00:17 - ERROR - ciberheroe.google_module.etl: line 34
         - Non-retriable error 400: [{'message': 'Mail service not enabled', 'domain': 'global', 'reason': 'failedPrecondition'}]
2026-05-25 16:00:17 - ERROR - ciberheroe.google_module.etl: line 34
         - Non-retriable error 400: [{'message': 'Mail service not enabled', 'domain': 'global', 'reason': 'failedPrecondition'}]
2026-05-25 16:00:18 - ERROR - ciberheroe.google_module.etl: line 34
         - Non-retriable error 400: [{'message': 'Mail service not enabled', 'domain': 'global', 'reason': 'failedPrecondition'}]
2026-05-25 16:00:19 - ERROR - ciberheroe.google_module.etl: line 34
         - Non-retriable error 400: [{'message': 'Mail service not enabled', 'domain': 'global', 'reason': 'failedPrecondition'}]
2026-05-25 16:00:19 - ERROR - ciberheroe.google_module.etl: line 34
         - Non-retriable error 400: [{'message': 'Mail service not enabled', 'domain': 'global', 'reason': 'failedPrecondition'}]
2026-05-25 16:00:20 - ERROR - ciberheroe.google_module.etl: line 34
         - Non-retriable error 400: [{'message': 'Mail service not enabled', 'domain': 'global', 'reason': 'failedPrecondition'}]
2026-05-25 16:00:25 - ERROR - ciberheroe.google_module.etl: line 34
         - Non-retriable error 400: [{'message': 'Mail service not enabled', 'domain': 'global', 'reason': 'failedPrecondition'}]
2026-05-25 16:00:26 - ERROR - ciberheroe.google_module.etl: line 34
         - Non-retriable error 400: [{'message': 'Mail service not enabled', 'domain': 'global', 'reason': 'failedPrecondition'}]
2026-05-25 16:00:31 - ERROR - ciberheroe.google_module.etl: line 34
         - Non-retriable error 400: [{'message': 'Mail service not enabled', 'domain': 'global', 'reason': 'failedPrecondition'}]
2026-05-25 16:00:33 - ERROR - ciberheroe.google_module.etl: line 34
         - Non-retriable error 400: [{'message': 'Mail service not enabled', 'domain': 'global', 'reason': 'failedPrecondition'}]
2026-05-25 16:00:33 - ERROR - ciberheroe.google_module.etl: line 34
         - Non-retriable error 400: [{'message': 'Mail service not enabled', 'domain': 'global', 'reason': 'failedPrecondition'}]
2026-05-25 16:00:34 - ERROR - ciberheroe.google_module.etl: line 34
         - Non-retriable error 400: [{'message': 'Mail service not enabled', 'domain': 'global', 'reason': 'failedPrecondition'}]
2026-05-25 16:00:35 - ERROR - ciberheroe.google_module.etl: line 34
         - Non-retriable error 400: [{'message': 'Mail service not enabled', 'domain': 'global', 'reason': 'failedPrecondition'}]
2026-05-25 16:00:35 - ERROR - ciberheroe.google_module.etl: line 34
         - Non-retriable error 400: [{'message': 'Mail service not enabled', 'domain': 'global', 'reason': 'failedPrecondition'}]
2026-05-25 16:00:35 - ERROR - ciberheroe.google_module.etl: line 34
         - Non-retriable error 400: [{'message': 'Mail service not enabled', 'domain': 'global', 'reason': 'failedPrecondition'}]
2026-05-25 16:00:37 - ERROR - ciberheroe.google_module.etl: line 34
         - Non-retriable error 400: [{'message': 'Mail service not enabled', 'domain': 'global', 'reason': 'failedPrecondition'}]
2026-05-25 16:00:39 - ERROR - ciberheroe.google_module.etl: line 34
         - Non-retriable error 400: [{'message': 'Mail service not enabled', 'domain': 'global', 'reason': 'failedPrecondition'}]
2026-05-25 16:00:39 - ERROR - ciberheroe.google_module.etl: line 34
         - Non-retriable error 400: [{'message': 'Mail service not enabled', 'domain': 'global', 'reason': 'failedPrecondition'}]
2026-05-25 16:00:39 - ERROR - ciberheroe.google_module.etl: line 34
         - Non-retriable error 400: [{'message': 'Mail service not enabled', 'domain': 'global', 'reason': 'failedPrecondition'}]
2026-05-25 16:00:41 - ERROR - ciberheroe.google_module.etl: line 34
         - Non-retriable error 400: [{'message': 'Mail service not enabled', 'domain': 'global', 'reason': 'failedPrecondition'}]
2026-05-25 16:00:46 - ERROR - ciberheroe.google_module.etl: line 34
         - Non-retriable error 400: [{'message': 'Mail service not enabled', 'domain': 'global', 'reason': 'failedPrecondition'}]
2026-05-25 16:00:46 - ERROR - ciberheroe.google_module.etl: line 34
         - Non-retriable error 400: [{'message': 'Mail service not enabled', 'domain': 'global', 'reason': 'failedPrecondition'}]
2026-05-25 16:00:46 - ERROR - ciberheroe.google_module.etl: line 34
         - Non-retriable error 400: [{'message': 'Mail service not enabled', 'domain': 'global', 'reason': 'failedPrecondition'}]
2026-05-25 16:00:47 - ERROR - ciberheroe.google_module.etl: line 34
         - Non-retriable error 400: [{'message': 'Mail service not enabled', 'domain': 'global', 'reason': 'failedPrecondition'}]
2026-05-25 16:00:47 - ERROR - ciberheroe.google_module.etl: line 34
         - Non-retriable error 400: [{'message': 'Mail service not enabled', 'domain': 'global', 'reason': 'failedPrecondition'}]
2026-05-25 16:00:48 - ERROR - ciberheroe.google_module.etl: line 34
         - Non-retriable error 400: [{'message': 'Mail service not enabled', 'domain': 'global', 'reason': 'failedPrecondition'}]
2026-05-25 16:00:49 - ERROR - ciberheroe.google_module.etl: line 34
         - Non-retriable error 400: [{'message': 'Mail service not enabled', 'domain': 'global', 'reason': 'failedPrecondition'}]
2026-05-25 16:00:50 - ERROR - ciberheroe.google_module.etl: line 34
         - Non-retriable error 400: [{'message': 'Mail service not enabled', 'domain': 'global', 'reason': 'failedPrecondition'}]
2026-05-25 16:00:53 - ERROR - ciberheroe.google_module.etl: line 34
         - Non-retriable error 400: [{'message': 'Mail service not enabled', 'domain': 'global', 'reason': 'failedPrecondition'}]
2026-05-25 16:00:54 - ERROR - ciberheroe.google_module.etl: line 34
         - Non-retriable error 400: [{'message': 'Mail service not enabled', 'domain': 'global', 'reason': 'failedPrecondition'}]
2026-05-25 16:00:57 - ERROR - ciberheroe.google_module.etl: line 34
         - Non-retriable error 400: [{'message': 'Mail service not enabled', 'domain': 'global', 'reason': 'failedPrecondition'}]
2026-05-25 16:00:57 - ERROR - ciberheroe.google_module.etl: line 34
         - Non-retriable error 400: [{'message': 'Mail service not enabled', 'domain': 'global', 'reason': 'failedPrecondition'}]
2026-05-25 16:00:58 - ERROR - ciberheroe.google_module.etl: line 34
         - Non-retriable error 400: [{'message': 'Mail service not enabled', 'domain': 'global', 'reason': 'failedPrecondition'}]
2026-05-25 16:00:59 - ERROR - ciberheroe.google_module.etl: line 34
         - Non-retriable error 400: [{'message': 'Mail service not enabled', 'domain': 'global', 'reason': 'failedPrecondition'}]
2026-05-25 16:00:59 - ERROR - ciberheroe.google_module.etl: line 34
         - Non-retriable error 400: [{'message': 'Mail service not enabled', 'domain': 'global', 'reason': 'failedPrecondition'}]
2026-05-25 16:01:01 - ERROR - ciberheroe.google_module.etl: line 34
         - Non-retriable error 400: [{'message': 'Mail service not enabled', 'domain': 'global', 'reason': 'failedPrecondition'}]
2026-05-25 16:01:01 - ERROR - ciberheroe.google_module.etl: line 34
         - Non-retriable error 400: [{'message': 'Mail service not enabled', 'domain': 'global', 'reason': 'failedPrecondition'}]
2026-05-25 16:01:08 - ERROR - ciberheroe.google_module.etl: line 34
         - Non-retriable error 400: [{'message': 'Mail service not enabled', 'domain': 'global', 'reason': 'failedPrecondition'}]
2026-05-25 16:01:08 - ERROR - ciberheroe.google_module.etl: line 34
         - Non-retriable error 400: [{'message': 'Mail service not enabled', 'domain': 'global', 'reason': 'failedPrecondition'}]
2026-05-25 16:01:10 - ERROR - ciberheroe.google_module.etl: line 34
         - Non-retriable error 400: [{'message': 'Mail service not enabled', 'domain': 'global', 'reason': 'failedPrecondition'}]
2026-05-25 16:01:14 - ERROR - ciberheroe.google_module.etl: line 34
         - Non-retriable error 400: [{'message': 'Mail service not enabled', 'domain': 'global', 'reason': 'failedPrecondition'}]
2026-05-25 16:01:15 - ERROR - ciberheroe.google_module.etl: line 34
         - Non-retriable error 400: [{'message': 'Mail service not enabled', 'domain': 'global', 'reason': 'failedPrecondition'}]
2026-05-25 16:01:15 - ERROR - ciberheroe.google_module.etl: line 34
         - Non-retriable error 400: [{'message': 'Mail service not enabled', 'domain': 'global', 'reason': 'failedPrecondition'}]
2026-05-25 16:01:15 - ERROR - ciberheroe.google_module.etl: line 34
         - Non-retriable error 400: [{'message': 'Mail service not enabled', 'domain': 'global', 'reason': 'failedPrecondition'}]
2026-05-25 16:01:15 - ERROR - ciberheroe.google_module.etl: line 34
         - Non-retriable error 400: [{'message': 'Mail service not enabled', 'domain': 'global', 'reason': 'failedPrecondition'}]
2026-05-25 16:01:15 - ERROR - ciberheroe.google_module.etl: line 34
         - Non-retriable error 400: [{'message': 'Mail service not enabled', 'domain': 'global', 'reason': 'failedPrecondition'}]
2026-05-25 16:01:17 - ERROR - ciberheroe.google_module.etl: line 34
         - Non-retriable error 400: [{'message': 'Mail service not enabled', 'domain': 'global', 'reason': 'failedPrecondition'}]
2026-05-25 16:01:19 - ERROR - ciberheroe.google_module.etl: line 34
         - Non-retriable error 400: [{'message': 'Mail service not enabled', 'domain': 'global', 'reason': 'failedPrecondition'}]
2026-05-25 16:01:20 - ERROR - ciberheroe.google_module.etl: line 34
         - Non-retriable error 400: [{'message': 'Mail service not enabled', 'domain': 'global', 'reason': 'failedPrecondition'}]
2026-05-25 16:01:20 - ERROR - ciberheroe.google_module.etl: line 34
         - Non-retriable error 400: [{'message': 'Mail service not enabled', 'domain': 'global', 'reason': 'failedPrecondition'}]
2026-05-25 16:01:21 - ERROR - ciberheroe.google_module.etl: line 34
         - Non-retriable error 400: [{'message': 'Mail service not enabled', 'domain': 'global', 'reason': 'failedPrecondition'}]
2026-05-25 16:01:21 - ERROR - ciberheroe.google_module.etl: line 34
         - Non-retriable error 400: [{'message': 'Mail service not enabled', 'domain': 'global', 'reason': 'failedPrecondition'}]
2026-05-25 16:01:21 - ERROR - ciberheroe.google_module.etl: line 34
         - Non-retriable error 400: [{'message': 'Mail service not enabled', 'domain': 'global', 'reason': 'failedPrecondition'}]
2026-05-25 16:01:23 - ERROR - ciberheroe.google_module.etl: line 34
         - Non-retriable error 400: [{'message': 'Mail service not enabled', 'domain': 'global', 'reason': 'failedPrecondition'}]
2026-05-25 16:01:23 - ERROR - ciberheroe.google_module.etl: line 34
         - Non-retriable error 400: [{'message': 'Mail service not enabled', 'domain': 'global', 'reason': 'failedPrecondition'}]
2026-05-25 16:01:23 - ERROR - ciberheroe.google_module.etl: line 34
         - Non-retriable error 400: [{'message': 'Mail service not enabled', 'domain': 'global', 'reason': 'failedPrecondition'}]
2026-05-25 16:01:23 - ERROR - ciberheroe.google_module.etl: line 34
         - Non-retriable error 400: [{'message': 'Mail service not enabled', 'domain': 'global', 'reason': 'failedPrecondition'}]
2026-05-25 16:01:24 - ERROR - ciberheroe.google_module.etl: line 34
         - Non-retriable error 400: [{'message': 'Mail service not enabled', 'domain': 'global', 'reason': 'failedPrecondition'}]
2026-05-25 16:01:25 - ERROR - ciberheroe.google_module.etl: line 34
         - Non-retriable error 400: [{'message': 'Mail service not enabled', 'domain': 'global', 'reason': 'failedPrecondition'}]
2026-05-25 16:01:25 - ERROR - ciberheroe.google_module.etl: line 34
         - Non-retriable error 400: [{'message': 'Mail service not enabled', 'domain': 'global', 'reason': 'failedPrecondition'}]
2026-05-25 16:01:25 - ERROR - ciberheroe.google_module.etl: line 34
         - Non-retriable error 400: [{'message': 'Mail service not enabled', 'domain': 'global', 'reason': 'failedPrecondition'}]
2026-05-25 16:01:26 - ERROR - ciberheroe.google_module.etl: line 34
         - Non-retriable error 400: [{'message': 'Mail service not enabled', 'domain': 'global', 'reason': 'failedPrecondition'}]
2026-05-25 16:01:27 - ERROR - ciberheroe.google_module.etl: line 34
         - Non-retriable error 400: [{'message': 'Mail service not enabled', 'domain': 'global', 'reason': 'failedPrecondition'}]
2026-05-25 16:01:29 - ERROR - ciberheroe.google_module.etl: line 34
         - Non-retriable error 400: [{'message': 'Mail service not enabled', 'domain': 'global', 'reason': 'failedPrecondition'}]
2026-05-25 16:01:29 - ERROR - ciberheroe.google_module.etl: line 34
         - Non-retriable error 400: [{'message': 'Mail service not enabled', 'domain': 'global', 'reason': 'failedPrecondition'}]
2026-05-25 16:01:32 - ERROR - ciberheroe.google_module.etl: line 34
         - Non-retriable error 400: [{'message': 'Mail service not enabled', 'domain': 'global', 'reason': 'failedPrecondition'}]
2026-05-25 16:01:33 - ERROR - ciberheroe.google_module.etl: line 34
         - Non-retriable error 400: [{'message': 'Mail service not enabled', 'domain': 'global', 'reason': 'failedPrecondition'}]
2026-05-25 16:01:34 - ERROR - ciberheroe.google_module.etl: line 34
         - Non-retriable error 400: [{'message': 'Mail service not enabled', 'domain': 'global', 'reason': 'failedPrecondition'}]
2026-05-25 16:01:36 - ERROR - ciberheroe.google_module.etl: line 34
         - Non-retriable error 400: [{'message': 'Mail service not enabled', 'domain': 'global', 'reason': 'failedPrecondition'}]
2026-05-25 16:01:40 - ERROR - ciberheroe.google_module.etl: line 34
         - Non-retriable error 400: [{'message': 'Mail service not enabled', 'domain': 'global', 'reason': 'failedPrecondition'}]
2026-05-25 16:01:41 - ERROR - ciberheroe.google_module.etl: line 34
         - Non-retriable error 400: [{'message': 'Mail service not enabled', 'domain': 'global', 'reason': 'failedPrecondition'}]
2026-05-25 16:01:41 - ERROR - ciberheroe.google_module.etl: line 34
         - Non-retriable error 400: [{'message': 'Mail service not enabled', 'domain': 'global', 'reason': 'failedPrecondition'}]
2026-05-25 16:01:42 - ERROR - ciberheroe.google_module.etl: line 34
         - Non-retriable error 400: [{'message': 'Mail service not enabled', 'domain': 'global', 'reason': 'failedPrecondition'}]
2026-05-25 16:01:42 - ERROR - ciberheroe.google_module.etl: line 206
         - Se han registrado 203 usuarios cuyo email no se puede acceder
2026-05-25 16:01:42 - INFO - ciberheroe.google_module.etl: line 209
         - Completada la extracción, empezando la inserción en la BD...
2026-05-25 16:01:43 - INFO - ciberheroe.google_module.etl: line 47
         - Insertadas las métricas de Google para cada usuario
2026-05-25 16:10:10 - INFO - ciberheroe.google_module.etl: line 40
         - Extraídas las puntuaciones para las métricas de Google
2026-05-25 16:10:10 - INFO - ciberheroe.google_module.etl: line 30
         - Obtenido el sistema de puntuación de la BD
2026-05-25 16:10:14 - INFO - ciberheroe.google_module.etl: line 44
         - Obtenida la lista de todos los usuarios
2026-05-25 16:10:46 - INFO - ciberheroe.google_module.etl: line 102
         - Dispositivos corporativos: obtenidos los dispositivos fisicos
2026-05-25 16:12:26 - INFO - ciberheroe.google_module.etl: line 132
         - Dispositivos corporativos: obtenidos los dispositivos junto con los usuarios
2026-05-25 16:12:26 - INFO - ciberheroe.google_module.etl: line 51
         - Obtenida la lista de dispositivos utilizados
2026-05-25 16:12:34 - INFO - ciberheroe.google_module.etl: line 32
         - Insertados los usuarios en la base de datos
2026-05-25 16:12:34 - INFO - ciberheroe.google_module.etl: line 193
         - Empezando la extracción de la información de los 1442 usuarios...
2026-05-25 16:12:37 - ERROR - ciberheroe.google_module.etl: line 34
         - Non-retriable error 400: [{'message': 'Mail service not enabled', 'domain': 'global', 'reason': 'failedPrecondition'}]
2026-05-25 16:12:38 - ERROR - ciberheroe.google_module.etl: line 34
         - Non-retriable error 400: [{'message': 'Mail service not enabled', 'domain': 'global', 'reason': 'failedPrecondition'}]
2026-05-25 16:12:41 - ERROR - ciberheroe.google_module.etl: line 34
         - Non-retriable error 400: [{'message': 'Mail service not enabled', 'domain': 'global', 'reason': 'failedPrecondition'}]
2026-05-25 16:12:41 - ERROR - ciberheroe.google_module.etl: line 34
         - Non-retriable error 400: [{'message': 'Mail service not enabled', 'domain': 'global', 'reason': 'failedPrecondition'}]
2026-05-25 16:12:41 - ERROR - ciberheroe.google_module.etl: line 34
         - Non-retriable error 400: [{'message': 'Mail service not enabled', 'domain': 'global', 'reason': 'failedPrecondition'}]
2026-05-25 16:12:42 - ERROR - ciberheroe.google_module.etl: line 34
         - Non-retriable error 400: [{'message': 'Mail service not enabled', 'domain': 'global', 'reason': 'failedPrecondition'}]
2026-05-25 16:12:53 - ERROR - ciberheroe.google_module.etl: line 34
         - Non-retriable error 400: [{'message': 'Mail service not enabled', 'domain': 'global', 'reason': 'failedPrecondition'}]
2026-05-25 16:12:54 - ERROR - ciberheroe.google_module.etl: line 34
         - Non-retriable error 400: [{'message': 'Mail service not enabled', 'domain': 'global', 'reason': 'failedPrecondition'}]
2026-05-25 16:12:57 - ERROR - ciberheroe.google_module.etl: line 34
         - Non-retriable error 400: [{'message': 'Mail service not enabled', 'domain': 'global', 'reason': 'failedPrecondition'}]
2026-05-25 16:12:59 - ERROR - ciberheroe.google_module.etl: line 34
         - Non-retriable error 400: [{'message': 'Mail service not enabled', 'domain': 'global', 'reason': 'failedPrecondition'}]
2026-05-25 16:13:07 - ERROR - ciberheroe.google_module.etl: line 34
         - Non-retriable error 400: [{'message': 'Mail service not enabled', 'domain': 'global', 'reason': 'failedPrecondition'}]
2026-05-25 16:13:07 - ERROR - ciberheroe.google_module.etl: line 34
         - Non-retriable error 400: [{'message': 'Mail service not enabled', 'domain': 'global', 'reason': 'failedPrecondition'}]
2026-05-25 16:13:13 - ERROR - ciberheroe.google_module.etl: line 34
         - Non-retriable error 400: [{'message': 'Mail service not enabled', 'domain': 'global', 'reason': 'failedPrecondition'}]
2026-05-25 16:13:14 - ERROR - ciberheroe.google_module.etl: line 34
         - Non-retriable error 400: [{'message': 'Mail service not enabled', 'domain': 'global', 'reason': 'failedPrecondition'}]
2026-05-25 16:13:16 - ERROR - ciberheroe.google_module.etl: line 34
         - Non-retriable error 400: [{'message': 'Mail service not enabled', 'domain': 'global', 'reason': 'failedPrecondition'}]
2026-05-25 16:13:16 - ERROR - ciberheroe.google_module.etl: line 34
         - Non-retriable error 400: [{'message': 'Mail service not enabled', 'domain': 'global', 'reason': 'failedPrecondition'}]
2026-05-25 16:13:17 - ERROR - ciberheroe.google_module.etl: line 34
         - Non-retriable error 400: [{'message': 'Mail service not enabled', 'domain': 'global', 'reason': 'failedPrecondition'}]
2026-05-25 16:13:19 - ERROR - ciberheroe.google_module.etl: line 34
         - Non-retriable error 400: [{'message': 'Mail service not enabled', 'domain': 'global', 'reason': 'failedPrecondition'}]
2026-05-25 16:13:22 - ERROR - ciberheroe.google_module.etl: line 34
         - Non-retriable error 400: [{'message': 'Mail service not enabled', 'domain': 'global', 'reason': 'failedPrecondition'}]
2026-05-25 16:13:24 - ERROR - ciberheroe.google_module.etl: line 34
         - Non-retriable error 400: [{'message': 'Mail service not enabled', 'domain': 'global', 'reason': 'failedPrecondition'}]
2026-05-25 16:13:25 - ERROR - ciberheroe.google_module.etl: line 34
         - Non-retriable error 400: [{'message': 'Mail service not enabled', 'domain': 'global', 'reason': 'failedPrecondition'}]
2026-05-25 16:13:27 - ERROR - ciberheroe.google_module.etl: line 34
         - Non-retriable error 400: [{'message': 'Mail service not enabled', 'domain': 'global', 'reason': 'failedPrecondition'}]
2026-05-25 16:13:36 - ERROR - ciberheroe.google_module.etl: line 34
         - Non-retriable error 400: [{'message': 'Mail service not enabled', 'domain': 'global', 'reason': 'failedPrecondition'}]
2026-05-25 16:13:36 - ERROR - ciberheroe.google_module.etl: line 34
         - Non-retriable error 400: [{'message': 'Mail service not enabled', 'domain': 'global', 'reason': 'failedPrecondition'}]
2026-05-25 16:13:36 - ERROR - ciberheroe.google_module.etl: line 34
         - Non-retriable error 400: [{'message': 'Mail service not enabled', 'domain': 'global', 'reason': 'failedPrecondition'}]
2026-05-25 16:13:37 - ERROR - ciberheroe.google_module.etl: line 34
         - Non-retriable error 400: [{'message': 'Mail service not enabled', 'domain': 'global', 'reason': 'failedPrecondition'}]
2026-05-25 16:13:38 - ERROR - ciberheroe.google_module.etl: line 34
         - Non-retriable error 400: [{'message': 'Mail service not enabled', 'domain': 'global', 'reason': 'failedPrecondition'}]
2026-05-25 16:13:40 - ERROR - ciberheroe.google_module.etl: line 34
         - Non-retriable error 400: [{'message': 'Mail service not enabled', 'domain': 'global', 'reason': 'failedPrecondition'}]
2026-05-25 16:13:44 - ERROR - ciberheroe.google_module.etl: line 34
         - Non-retriable error 400: [{'message': 'Mail service not enabled', 'domain': 'global', 'reason': 'failedPrecondition'}]
2026-05-25 16:13:47 - ERROR - ciberheroe.google_module.etl: line 34
         - Non-retriable error 400: [{'message': 'Mail service not enabled', 'domain': 'global', 'reason': 'failedPrecondition'}]
2026-05-25 16:13:47 - ERROR - ciberheroe.google_module.etl: line 34
         - Non-retriable error 400: [{'message': 'Mail service not enabled', 'domain': 'global', 'reason': 'failedPrecondition'}]
2026-05-25 16:13:48 - ERROR - ciberheroe.google_module.etl: line 34
         - Non-retriable error 400: [{'message': 'Mail service not enabled', 'domain': 'global', 'reason': 'failedPrecondition'}]
2026-05-25 16:13:50 - ERROR - ciberheroe.google_module.etl: line 34
         - Non-retriable error 400: [{'message': 'Mail service not enabled', 'domain': 'global', 'reason': 'failedPrecondition'}]
2026-05-25 16:13:51 - ERROR - ciberheroe.google_module.etl: line 34
         - Non-retriable error 400: [{'message': 'Mail service not enabled', 'domain': 'global', 'reason': 'failedPrecondition'}]
2026-05-25 16:13:51 - ERROR - ciberheroe.google_module.etl: line 34
         - Non-retriable error 400: [{'message': 'Mail service not enabled', 'domain': 'global', 'reason': 'failedPrecondition'}]
2026-05-25 16:13:54 - ERROR - ciberheroe.google_module.etl: line 34
         - Non-retriable error 400: [{'message': 'Mail service not enabled', 'domain': 'global', 'reason': 'failedPrecondition'}]
2026-05-25 16:13:55 - ERROR - ciberheroe.google_module.etl: line 34
         - Non-retriable error 400: [{'message': 'Mail service not enabled', 'domain': 'global', 'reason': 'failedPrecondition'}]
2026-05-25 16:13:58 - ERROR - ciberheroe.google_module.etl: line 34
         - Non-retriable error 400: [{'message': 'Mail service not enabled', 'domain': 'global', 'reason': 'failedPrecondition'}]
2026-05-25 16:13:58 - ERROR - ciberheroe.google_module.etl: line 34
         - Non-retriable error 401: [{'message': 'Active session is invalid. Error code: 4', 'domain': 'global', 'reason': 'authError', 'location': 'Authorization', 'locationType': 'header'}]
2026-05-25 16:13:59 - ERROR - ciberheroe.google_module.etl: line 34
         - Non-retriable error 401: [{'message': 'Active session is invalid. Error code: 4', 'domain': 'global', 'reason': 'authError', 'location': 'Authorization', 'locationType': 'header'}]
2026-05-25 16:14:01 - ERROR - ciberheroe.google_module.etl: line 34
         - Non-retriable error 400: [{'message': 'Mail service not enabled', 'domain': 'global', 'reason': 'failedPrecondition'}]
2026-05-25 16:14:02 - ERROR - ciberheroe.google_module.etl: line 34
         - Non-retriable error 400: [{'message': 'Mail service not enabled', 'domain': 'global', 'reason': 'failedPrecondition'}]
2026-05-25 16:14:03 - ERROR - ciberheroe.google_module.etl: line 34
         - Non-retriable error 400: [{'message': 'Mail service not enabled', 'domain': 'global', 'reason': 'failedPrecondition'}]
2026-05-25 16:14:05 - ERROR - ciberheroe.google_module.etl: line 34
         - Non-retriable error 400: [{'message': 'Mail service not enabled', 'domain': 'global', 'reason': 'failedPrecondition'}]
2026-05-25 16:14:07 - ERROR - ciberheroe.google_module.etl: line 34
         - Non-retriable error 400: [{'message': 'Mail service not enabled', 'domain': 'global', 'reason': 'failedPrecondition'}]
2026-05-25 16:14:10 - ERROR - ciberheroe.google_module.etl: line 34
         - Non-retriable error 400: [{'message': 'Mail service not enabled', 'domain': 'global', 'reason': 'failedPrecondition'}]
2026-05-25 16:14:12 - ERROR - ciberheroe.google_module.etl: line 34
         - Non-retriable error 400: [{'message': 'Mail service not enabled', 'domain': 'global', 'reason': 'failedPrecondition'}]
2026-05-25 16:14:12 - ERROR - ciberheroe.google_module.etl: line 34
         - Non-retriable error 400: [{'message': 'Mail service not enabled', 'domain': 'global', 'reason': 'failedPrecondition'}]
2026-05-25 16:14:13 - ERROR - ciberheroe.google_module.etl: line 34
         - Non-retriable error 400: [{'message': 'Mail service not enabled', 'domain': 'global', 'reason': 'failedPrecondition'}]
2026-05-25 16:14:15 - ERROR - ciberheroe.google_module.etl: line 34
         - Non-retriable error 400: [{'message': 'Mail service not enabled', 'domain': 'global', 'reason': 'failedPrecondition'}]
2026-05-25 16:14:15 - ERROR - ciberheroe.google_module.etl: line 34
         - Non-retriable error 400: [{'message': 'Mail service not enabled', 'domain': 'global', 'reason': 'failedPrecondition'}]
2026-05-25 16:14:17 - ERROR - ciberheroe.google_module.etl: line 34
         - Non-retriable error 400: [{'message': 'Mail service not enabled', 'domain': 'global', 'reason': 'failedPrecondition'}]
2026-05-25 16:14:20 - ERROR - ciberheroe.google_module.etl: line 34
         - Non-retriable error 400: [{'message': 'Mail service not enabled', 'domain': 'global', 'reason': 'failedPrecondition'}]
2026-05-25 16:14:21 - ERROR - ciberheroe.google_module.etl: line 34
         - Non-retriable error 400: [{'message': 'Mail service not enabled', 'domain': 'global', 'reason': 'failedPrecondition'}]
2026-05-25 16:14:22 - ERROR - ciberheroe.google_module.etl: line 34
         - Non-retriable error 400: [{'message': 'Mail service not enabled', 'domain': 'global', 'reason': 'failedPrecondition'}]
2026-05-25 16:14:22 - ERROR - ciberheroe.google_module.etl: line 34
         - Non-retriable error 400: [{'message': 'Mail service not enabled', 'domain': 'global', 'reason': 'failedPrecondition'}]
2026-05-25 16:14:25 - ERROR - ciberheroe.google_module.etl: line 34
         - Non-retriable error 400: [{'message': 'Mail service not enabled', 'domain': 'global', 'reason': 'failedPrecondition'}]
2026-05-25 16:14:26 - ERROR - ciberheroe.google_module.etl: line 34
         - Non-retriable error 400: [{'message': 'Mail service not enabled', 'domain': 'global', 'reason': 'failedPrecondition'}]
2026-05-25 16:14:27 - ERROR - ciberheroe.google_module.etl: line 34
         - Non-retriable error 400: [{'message': 'Mail service not enabled', 'domain': 'global', 'reason': 'failedPrecondition'}]
2026-05-25 16:14:29 - ERROR - ciberheroe.google_module.etl: line 34
         - Non-retriable error 400: [{'message': 'Mail service not enabled', 'domain': 'global', 'reason': 'failedPrecondition'}]
2026-05-25 16:14:31 - ERROR - ciberheroe.google_module.etl: line 34
         - Non-retriable error 400: [{'message': 'Mail service not enabled', 'domain': 'global', 'reason': 'failedPrecondition'}]
2026-05-25 16:14:32 - ERROR - ciberheroe.google_module.etl: line 34
         - Non-retriable error 400: [{'message': 'Mail service not enabled', 'domain': 'global', 'reason': 'failedPrecondition'}]
2026-05-25 16:14:32 - ERROR - ciberheroe.google_module.etl: line 34
         - Non-retriable error 400: [{'message': 'Mail service not enabled', 'domain': 'global', 'reason': 'failedPrecondition'}]
2026-05-25 16:14:33 - ERROR - ciberheroe.google_module.etl: line 34
         - Non-retriable error 400: [{'message': 'Mail service not enabled', 'domain': 'global', 'reason': 'failedPrecondition'}]
2026-05-25 16:14:34 - ERROR - ciberheroe.google_module.etl: line 34
         - Non-retriable error 400: [{'message': 'Mail service not enabled', 'domain': 'global', 'reason': 'failedPrecondition'}]
2026-05-25 16:14:35 - ERROR - ciberheroe.google_module.etl: line 34
         - Non-retriable error 400: [{'message': 'Mail service not enabled', 'domain': 'global', 'reason': 'failedPrecondition'}]
2026-05-25 16:14:39 - ERROR - ciberheroe.google_module.etl: line 34
         - Non-retriable error 400: [{'message': 'Mail service not enabled', 'domain': 'global', 'reason': 'failedPrecondition'}]
2026-05-25 16:14:40 - ERROR - ciberheroe.google_module.etl: line 34
         - Non-retriable error 400: [{'message': 'Mail service not enabled', 'domain': 'global', 'reason': 'failedPrecondition'}]
2026-05-25 16:14:40 - ERROR - ciberheroe.google_module.etl: line 34
         - Non-retriable error 400: [{'message': 'Mail service not enabled', 'domain': 'global', 'reason': 'failedPrecondition'}]
2026-05-25 16:14:40 - ERROR - ciberheroe.google_module.etl: line 34
         - Non-retriable error 400: [{'message': 'Mail service not enabled', 'domain': 'global', 'reason': 'failedPrecondition'}]
2026-05-25 16:14:40 - ERROR - ciberheroe.google_module.etl: line 34
         - Non-retriable error 400: [{'message': 'Mail service not enabled', 'domain': 'global', 'reason': 'failedPrecondition'}]
2026-05-25 16:14:41 - ERROR - ciberheroe.google_module.etl: line 34
         - Non-retriable error 400: [{'message': 'Mail service not enabled', 'domain': 'global', 'reason': 'failedPrecondition'}]
2026-05-25 16:14:41 - ERROR - ciberheroe.google_module.etl: line 34
         - Non-retriable error 400: [{'message': 'Mail service not enabled', 'domain': 'global', 'reason': 'failedPrecondition'}]
2026-05-25 16:14:41 - ERROR - ciberheroe.google_module.etl: line 34
         - Non-retriable error 400: [{'message': 'Mail service not enabled', 'domain': 'global', 'reason': 'failedPrecondition'}]
2026-05-25 16:14:44 - ERROR - ciberheroe.google_module.etl: line 34
         - Non-retriable error 400: [{'message': 'Mail service not enabled', 'domain': 'global', 'reason': 'failedPrecondition'}]
2026-05-25 16:14:45 - ERROR - ciberheroe.google_module.etl: line 34
         - Non-retriable error 400: [{'message': 'Mail service not enabled', 'domain': 'global', 'reason': 'failedPrecondition'}]
2026-05-25 16:14:46 - ERROR - ciberheroe.google_module.etl: line 34
         - Non-retriable error 400: [{'message': 'Mail service not enabled', 'domain': 'global', 'reason': 'failedPrecondition'}]
2026-05-25 16:14:48 - ERROR - ciberheroe.google_module.etl: line 34
         - Non-retriable error 400: [{'message': 'Mail service not enabled', 'domain': 'global', 'reason': 'failedPrecondition'}]
2026-05-25 16:14:49 - ERROR - ciberheroe.google_module.etl: line 34
         - Non-retriable error 400: [{'message': 'Mail service not enabled', 'domain': 'global', 'reason': 'failedPrecondition'}]
2026-05-25 16:14:56 - ERROR - ciberheroe.google_module.etl: line 34
         - Non-retriable error 400: [{'message': 'Mail service not enabled', 'domain': 'global', 'reason': 'failedPrecondition'}]
2026-05-25 16:14:59 - ERROR - ciberheroe.google_module.etl: line 34
         - Non-retriable error 400: [{'message': 'Mail service not enabled', 'domain': 'global', 'reason': 'failedPrecondition'}]
2026-05-25 16:15:01 - ERROR - ciberheroe.google_module.etl: line 34
         - Non-retriable error 400: [{'message': 'Mail service not enabled', 'domain': 'global', 'reason': 'failedPrecondition'}]
2026-05-25 16:15:02 - ERROR - ciberheroe.google_module.etl: line 34
         - Non-retriable error 400: [{'message': 'Mail service not enabled', 'domain': 'global', 'reason': 'failedPrecondition'}]
2026-05-25 16:15:03 - ERROR - ciberheroe.google_module.etl: line 34
         - Non-retriable error 400: [{'message': 'Mail service not enabled', 'domain': 'global', 'reason': 'failedPrecondition'}]
2026-05-25 16:15:05 - ERROR - ciberheroe.google_module.etl: line 34
         - Non-retriable error 400: [{'message': 'Mail service not enabled', 'domain': 'global', 'reason': 'failedPrecondition'}]
2026-05-25 16:15:06 - ERROR - ciberheroe.google_module.etl: line 34
         - Non-retriable error 400: [{'message': 'Mail service not enabled', 'domain': 'global', 'reason': 'failedPrecondition'}]
2026-05-25 16:15:07 - ERROR - ciberheroe.google_module.etl: line 34
         - Non-retriable error 400: [{'message': 'Mail service not enabled', 'domain': 'global', 'reason': 'failedPrecondition'}]
2026-05-25 16:15:09 - ERROR - ciberheroe.google_module.etl: line 34
         - Non-retriable error 400: [{'message': 'Mail service not enabled', 'domain': 'global', 'reason': 'failedPrecondition'}]
2026-05-25 16:15:12 - ERROR - ciberheroe.google_module.etl: line 34
         - Non-retriable error 400: [{'message': 'Mail service not enabled', 'domain': 'global', 'reason': 'failedPrecondition'}]
2026-05-25 16:15:15 - ERROR - ciberheroe.google_module.etl: line 34
         - Non-retriable error 400: [{'message': 'Mail service not enabled', 'domain': 'global', 'reason': 'failedPrecondition'}]
2026-05-25 16:15:18 - ERROR - ciberheroe.google_module.etl: line 34
         - Non-retriable error 400: [{'message': 'Mail service not enabled', 'domain': 'global', 'reason': 'failedPrecondition'}]
2026-05-25 16:15:19 - ERROR - ciberheroe.google_module.etl: line 34
         - Non-retriable error 400: [{'message': 'Mail service not enabled', 'domain': 'global', 'reason': 'failedPrecondition'}]
2026-05-25 16:15:21 - ERROR - ciberheroe.google_module.etl: line 34
         - Non-retriable error 400: [{'message': 'Mail service not enabled', 'domain': 'global', 'reason': 'failedPrecondition'}]
2026-05-25 16:15:22 - ERROR - ciberheroe.google_module.etl: line 34
         - Non-retriable error 400: [{'message': 'Mail service not enabled', 'domain': 'global', 'reason': 'failedPrecondition'}]
2026-05-25 16:15:26 - ERROR - ciberheroe.google_module.etl: line 34
         - Non-retriable error 400: [{'message': 'Mail service not enabled', 'domain': 'global', 'reason': 'failedPrecondition'}]
2026-05-25 16:15:26 - ERROR - ciberheroe.google_module.etl: line 34
         - Non-retriable error 400: [{'message': 'Mail service not enabled', 'domain': 'global', 'reason': 'failedPrecondition'}]
2026-05-25 16:15:27 - ERROR - ciberheroe.google_module.etl: line 34
         - Non-retriable error 400: [{'message': 'Mail service not enabled', 'domain': 'global', 'reason': 'failedPrecondition'}]
2026-05-25 16:15:28 - ERROR - ciberheroe.google_module.etl: line 34
         - Non-retriable error 400: [{'message': 'Mail service not enabled', 'domain': 'global', 'reason': 'failedPrecondition'}]
2026-05-25 16:15:32 - ERROR - ciberheroe.google_module.etl: line 34
         - Non-retriable error 400: [{'message': 'Mail service not enabled', 'domain': 'global', 'reason': 'failedPrecondition'}]
2026-05-25 16:15:35 - ERROR - ciberheroe.google_module.etl: line 34
         - Non-retriable error 400: [{'message': 'Mail service not enabled', 'domain': 'global', 'reason': 'failedPrecondition'}]
2026-05-25 16:15:35 - ERROR - ciberheroe.google_module.etl: line 34
         - Non-retriable error 400: [{'message': 'Mail service not enabled', 'domain': 'global', 'reason': 'failedPrecondition'}]
2026-05-25 16:15:36 - ERROR - ciberheroe.google_module.etl: line 34
         - Non-retriable error 400: [{'message': 'Mail service not enabled', 'domain': 'global', 'reason': 'failedPrecondition'}]
2026-05-25 16:15:39 - ERROR - ciberheroe.google_module.etl: line 34
         - Non-retriable error 400: [{'message': 'Mail service not enabled', 'domain': 'global', 'reason': 'failedPrecondition'}]
2026-05-25 16:15:40 - ERROR - ciberheroe.google_module.etl: line 34
         - Non-retriable error 400: [{'message': 'Mail service not enabled', 'domain': 'global', 'reason': 'failedPrecondition'}]
2026-05-25 16:15:41 - ERROR - ciberheroe.google_module.etl: line 34
         - Non-retriable error 400: [{'message': 'Mail service not enabled', 'domain': 'global', 'reason': 'failedPrecondition'}]
2026-05-25 16:15:44 - ERROR - ciberheroe.google_module.etl: line 34
         - Non-retriable error 400: [{'message': 'Mail service not enabled', 'domain': 'global', 'reason': 'failedPrecondition'}]
2026-05-25 16:15:47 - ERROR - ciberheroe.google_module.etl: line 34
         - Non-retriable error 400: [{'message': 'Mail service not enabled', 'domain': 'global', 'reason': 'failedPrecondition'}]
2026-05-25 16:15:47 - ERROR - ciberheroe.google_module.etl: line 34
         - Non-retriable error 400: [{'message': 'Mail service not enabled', 'domain': 'global', 'reason': 'failedPrecondition'}]
2026-05-25 16:15:50 - ERROR - ciberheroe.google_module.etl: line 34
         - Non-retriable error 400: [{'message': 'Mail service not enabled', 'domain': 'global', 'reason': 'failedPrecondition'}]
2026-05-25 16:15:51 - ERROR - ciberheroe.google_module.etl: line 34
         - Non-retriable error 400: [{'message': 'Mail service not enabled', 'domain': 'global', 'reason': 'failedPrecondition'}]
2026-05-25 16:15:53 - ERROR - ciberheroe.google_module.etl: line 34
         - Non-retriable error 400: [{'message': 'Mail service not enabled', 'domain': 'global', 'reason': 'failedPrecondition'}]
2026-05-25 16:15:54 - ERROR - ciberheroe.google_module.etl: line 34
         - Non-retriable error 400: [{'message': 'Mail service not enabled', 'domain': 'global', 'reason': 'failedPrecondition'}]
2026-05-25 16:15:55 - ERROR - ciberheroe.google_module.etl: line 34
         - Non-retriable error 400: [{'message': 'Mail service not enabled', 'domain': 'global', 'reason': 'failedPrecondition'}]
2026-05-25 16:15:57 - ERROR - ciberheroe.google_module.etl: line 34
         - Non-retriable error 400: [{'message': 'Mail service not enabled', 'domain': 'global', 'reason': 'failedPrecondition'}]
2026-05-25 16:15:59 - ERROR - ciberheroe.google_module.etl: line 34
         - Non-retriable error 400: [{'message': 'Mail service not enabled', 'domain': 'global', 'reason': 'failedPrecondition'}]
2026-05-25 16:16:00 - ERROR - ciberheroe.google_module.etl: line 34
         - Non-retriable error 400: [{'message': 'Mail service not enabled', 'domain': 'global', 'reason': 'failedPrecondition'}]
2026-05-25 16:16:01 - ERROR - ciberheroe.google_module.etl: line 34
         - Non-retriable error 400: [{'message': 'Mail service not enabled', 'domain': 'global', 'reason': 'failedPrecondition'}]
2026-05-25 16:16:02 - ERROR - ciberheroe.google_module.etl: line 34
         - Non-retriable error 400: [{'message': 'Mail service not enabled', 'domain': 'global', 'reason': 'failedPrecondition'}]
2026-05-25 16:16:04 - ERROR - ciberheroe.google_module.etl: line 34
         - Non-retriable error 400: [{'message': 'Mail service not enabled', 'domain': 'global', 'reason': 'failedPrecondition'}]
2026-05-25 16:16:06 - ERROR - ciberheroe.google_module.etl: line 34
         - Non-retriable error 400: [{'message': 'Mail service not enabled', 'domain': 'global', 'reason': 'failedPrecondition'}]
2026-05-25 16:16:08 - ERROR - ciberheroe.google_module.etl: line 34
         - Non-retriable error 400: [{'message': 'Mail service not enabled', 'domain': 'global', 'reason': 'failedPrecondition'}]
2026-05-25 16:16:10 - ERROR - ciberheroe.google_module.etl: line 34
         - Non-retriable error 400: [{'message': 'Mail service not enabled', 'domain': 'global', 'reason': 'failedPrecondition'}]
2026-05-25 16:16:12 - ERROR - ciberheroe.google_module.etl: line 34
         - Non-retriable error 400: [{'message': 'Mail service not enabled', 'domain': 'global', 'reason': 'failedPrecondition'}]
2026-05-25 16:16:13 - ERROR - ciberheroe.google_module.etl: line 34
         - Non-retriable error 400: [{'message': 'Mail service not enabled', 'domain': 'global', 'reason': 'failedPrecondition'}]
2026-05-25 16:16:14 - ERROR - ciberheroe.google_module.etl: line 34
         - Non-retriable error 400: [{'message': 'Mail service not enabled', 'domain': 'global', 'reason': 'failedPrecondition'}]
2026-05-25 16:16:15 - ERROR - ciberheroe.google_module.etl: line 34
         - Non-retriable error 400: [{'message': 'Mail service not enabled', 'domain': 'global', 'reason': 'failedPrecondition'}]
2026-05-25 16:16:17 - ERROR - ciberheroe.google_module.etl: line 34
         - Non-retriable error 400: [{'message': 'Mail service not enabled', 'domain': 'global', 'reason': 'failedPrecondition'}]
2026-05-25 16:16:17 - ERROR - ciberheroe.google_module.etl: line 34
         - Non-retriable error 400: [{'message': 'Mail service not enabled', 'domain': 'global', 'reason': 'failedPrecondition'}]
2026-05-25 16:16:19 - ERROR - ciberheroe.google_module.etl: line 34
         - Non-retriable error 400: [{'message': 'Mail service not enabled', 'domain': 'global', 'reason': 'failedPrecondition'}]
2026-05-25 16:16:19 - ERROR - ciberheroe.google_module.etl: line 34
         - Non-retriable error 400: [{'message': 'Mail service not enabled', 'domain': 'global', 'reason': 'failedPrecondition'}]
2026-05-25 16:16:20 - ERROR - ciberheroe.google_module.etl: line 34
         - Non-retriable error 400: [{'message': 'Mail service not enabled', 'domain': 'global', 'reason': 'failedPrecondition'}]
2026-05-25 16:16:26 - ERROR - ciberheroe.google_module.etl: line 34
         - Non-retriable error 400: [{'message': 'Mail service not enabled', 'domain': 'global', 'reason': 'failedPrecondition'}]
2026-05-25 16:16:29 - ERROR - ciberheroe.google_module.etl: line 34
         - Non-retriable error 400: [{'message': 'Mail service not enabled', 'domain': 'global', 'reason': 'failedPrecondition'}]
2026-05-25 16:16:30 - ERROR - ciberheroe.google_module.etl: line 34
         - Non-retriable error 400: [{'message': 'Mail service not enabled', 'domain': 'global', 'reason': 'failedPrecondition'}]
2026-05-25 16:16:31 - ERROR - ciberheroe.google_module.etl: line 34
         - Non-retriable error 400: [{'message': 'Mail service not enabled', 'domain': 'global', 'reason': 'failedPrecondition'}]
2026-05-25 16:16:31 - ERROR - ciberheroe.google_module.etl: line 34
         - Non-retriable error 400: [{'message': 'Mail service not enabled', 'domain': 'global', 'reason': 'failedPrecondition'}]
2026-05-25 16:16:32 - ERROR - ciberheroe.google_module.etl: line 34
         - Non-retriable error 400: [{'message': 'Mail service not enabled', 'domain': 'global', 'reason': 'failedPrecondition'}]
2026-05-25 16:16:32 - ERROR - ciberheroe.google_module.etl: line 34
         - Non-retriable error 400: [{'message': 'Mail service not enabled', 'domain': 'global', 'reason': 'failedPrecondition'}]
2026-05-25 16:16:37 - ERROR - ciberheroe.google_module.etl: line 34
         - Non-retriable error 400: [{'message': 'Mail service not enabled', 'domain': 'global', 'reason': 'failedPrecondition'}]
2026-05-25 16:16:37 - ERROR - ciberheroe.google_module.etl: line 34
         - Non-retriable error 400: [{'message': 'Mail service not enabled', 'domain': 'global', 'reason': 'failedPrecondition'}]
2026-05-25 16:16:42 - ERROR - ciberheroe.google_module.etl: line 34
         - Non-retriable error 400: [{'message': 'Mail service not enabled', 'domain': 'global', 'reason': 'failedPrecondition'}]
2026-05-25 16:16:43 - ERROR - ciberheroe.google_module.etl: line 34
         - Non-retriable error 400: [{'message': 'Mail service not enabled', 'domain': 'global', 'reason': 'failedPrecondition'}]
2026-05-25 16:16:43 - ERROR - ciberheroe.google_module.etl: line 34
         - Non-retriable error 400: [{'message': 'Mail service not enabled', 'domain': 'global', 'reason': 'failedPrecondition'}]
2026-05-25 16:16:45 - ERROR - ciberheroe.google_module.etl: line 34
         - Non-retriable error 400: [{'message': 'Mail service not enabled', 'domain': 'global', 'reason': 'failedPrecondition'}]
2026-05-25 16:16:45 - ERROR - ciberheroe.google_module.etl: line 34
         - Non-retriable error 400: [{'message': 'Mail service not enabled', 'domain': 'global', 'reason': 'failedPrecondition'}]
2026-05-25 16:16:45 - ERROR - ciberheroe.google_module.etl: line 34
         - Non-retriable error 400: [{'message': 'Mail service not enabled', 'domain': 'global', 'reason': 'failedPrecondition'}]
2026-05-25 16:16:45 - ERROR - ciberheroe.google_module.etl: line 34
         - Non-retriable error 400: [{'message': 'Mail service not enabled', 'domain': 'global', 'reason': 'failedPrecondition'}]
2026-05-25 16:16:48 - ERROR - ciberheroe.google_module.etl: line 34
         - Non-retriable error 400: [{'message': 'Mail service not enabled', 'domain': 'global', 'reason': 'failedPrecondition'}]
2026-05-25 16:16:49 - ERROR - ciberheroe.google_module.etl: line 34
         - Non-retriable error 400: [{'message': 'Mail service not enabled', 'domain': 'global', 'reason': 'failedPrecondition'}]
2026-05-25 16:16:49 - ERROR - ciberheroe.google_module.etl: line 34
         - Non-retriable error 400: [{'message': 'Mail service not enabled', 'domain': 'global', 'reason': 'failedPrecondition'}]
2026-05-25 16:16:50 - ERROR - ciberheroe.google_module.etl: line 34
         - Non-retriable error 400: [{'message': 'Mail service not enabled', 'domain': 'global', 'reason': 'failedPrecondition'}]
2026-05-25 16:16:51 - ERROR - ciberheroe.google_module.etl: line 34
         - Non-retriable error 400: [{'message': 'Mail service not enabled', 'domain': 'global', 'reason': 'failedPrecondition'}]
2026-05-25 16:16:55 - ERROR - ciberheroe.google_module.etl: line 34
         - Non-retriable error 400: [{'message': 'Mail service not enabled', 'domain': 'global', 'reason': 'failedPrecondition'}]
2026-05-25 16:16:56 - ERROR - ciberheroe.google_module.etl: line 34
         - Non-retriable error 400: [{'message': 'Mail service not enabled', 'domain': 'global', 'reason': 'failedPrecondition'}]
2026-05-25 16:16:56 - ERROR - ciberheroe.google_module.etl: line 34
         - Non-retriable error 400: [{'message': 'Mail service not enabled', 'domain': 'global', 'reason': 'failedPrecondition'}]
2026-05-25 16:16:56 - ERROR - ciberheroe.google_module.etl: line 34
         - Non-retriable error 400: [{'message': 'Mail service not enabled', 'domain': 'global', 'reason': 'failedPrecondition'}]
2026-05-25 16:16:57 - ERROR - ciberheroe.google_module.etl: line 34
         - Non-retriable error 400: [{'message': 'Mail service not enabled', 'domain': 'global', 'reason': 'failedPrecondition'}]
2026-05-25 16:16:58 - ERROR - ciberheroe.google_module.etl: line 34
         - Non-retriable error 400: [{'message': 'Mail service not enabled', 'domain': 'global', 'reason': 'failedPrecondition'}]
2026-05-25 16:16:59 - ERROR - ciberheroe.google_module.etl: line 34
         - Non-retriable error 400: [{'message': 'Mail service not enabled', 'domain': 'global', 'reason': 'failedPrecondition'}]
2026-05-25 16:16:59 - ERROR - ciberheroe.google_module.etl: line 34
         - Non-retriable error 400: [{'message': 'Mail service not enabled', 'domain': 'global', 'reason': 'failedPrecondition'}]
2026-05-25 16:17:03 - ERROR - ciberheroe.google_module.etl: line 34
         - Non-retriable error 400: [{'message': 'Mail service not enabled', 'domain': 'global', 'reason': 'failedPrecondition'}]
2026-05-25 16:17:04 - ERROR - ciberheroe.google_module.etl: line 34
         - Non-retriable error 400: [{'message': 'Mail service not enabled', 'domain': 'global', 'reason': 'failedPrecondition'}]
2026-05-25 16:17:06 - ERROR - ciberheroe.google_module.etl: line 34
         - Non-retriable error 400: [{'message': 'Mail service not enabled', 'domain': 'global', 'reason': 'failedPrecondition'}]
2026-05-25 16:17:06 - ERROR - ciberheroe.google_module.etl: line 34
         - Non-retriable error 400: [{'message': 'Mail service not enabled', 'domain': 'global', 'reason': 'failedPrecondition'}]
2026-05-25 16:17:07 - ERROR - ciberheroe.google_module.etl: line 34
         - Non-retriable error 400: [{'message': 'Mail service not enabled', 'domain': 'global', 'reason': 'failedPrecondition'}]
2026-05-25 16:17:08 - ERROR - ciberheroe.google_module.etl: line 34
         - Non-retriable error 400: [{'message': 'Mail service not enabled', 'domain': 'global', 'reason': 'failedPrecondition'}]
2026-05-25 16:17:08 - ERROR - ciberheroe.google_module.etl: line 34
         - Non-retriable error 400: [{'message': 'Mail service not enabled', 'domain': 'global', 'reason': 'failedPrecondition'}]
2026-05-25 16:17:09 - ERROR - ciberheroe.google_module.etl: line 34
         - Non-retriable error 400: [{'message': 'Mail service not enabled', 'domain': 'global', 'reason': 'failedPrecondition'}]
2026-05-25 16:17:10 - ERROR - ciberheroe.google_module.etl: line 34
         - Non-retriable error 400: [{'message': 'Mail service not enabled', 'domain': 'global', 'reason': 'failedPrecondition'}]
2026-05-25 16:17:16 - ERROR - ciberheroe.google_module.etl: line 34
         - Non-retriable error 400: [{'message': 'Mail service not enabled', 'domain': 'global', 'reason': 'failedPrecondition'}]
2026-05-25 16:17:16 - ERROR - ciberheroe.google_module.etl: line 34
         - Non-retriable error 400: [{'message': 'Mail service not enabled', 'domain': 'global', 'reason': 'failedPrecondition'}]
2026-05-25 16:17:18 - ERROR - ciberheroe.google_module.etl: line 34
         - Non-retriable error 400: [{'message': 'Mail service not enabled', 'domain': 'global', 'reason': 'failedPrecondition'}]
2026-05-25 16:17:20 - ERROR - ciberheroe.google_module.etl: line 34
         - Non-retriable error 400: [{'message': 'Mail service not enabled', 'domain': 'global', 'reason': 'failedPrecondition'}]
2026-05-25 16:17:22 - ERROR - ciberheroe.google_module.etl: line 34
         - Non-retriable error 400: [{'message': 'Mail service not enabled', 'domain': 'global', 'reason': 'failedPrecondition'}]
2026-05-25 16:17:22 - ERROR - ciberheroe.google_module.etl: line 34
         - Non-retriable error 400: [{'message': 'Mail service not enabled', 'domain': 'global', 'reason': 'failedPrecondition'}]
2026-05-25 16:17:22 - ERROR - ciberheroe.google_module.etl: line 34
         - Non-retriable error 400: [{'message': 'Mail service not enabled', 'domain': 'global', 'reason': 'failedPrecondition'}]
2026-05-25 16:17:22 - ERROR - ciberheroe.google_module.etl: line 34
         - Non-retriable error 400: [{'message': 'Mail service not enabled', 'domain': 'global', 'reason': 'failedPrecondition'}]
2026-05-25 16:17:22 - ERROR - ciberheroe.google_module.etl: line 34
         - Non-retriable error 400: [{'message': 'Mail service not enabled', 'domain': 'global', 'reason': 'failedPrecondition'}]
2026-05-25 16:17:24 - ERROR - ciberheroe.google_module.etl: line 34
         - Non-retriable error 400: [{'message': 'Mail service not enabled', 'domain': 'global', 'reason': 'failedPrecondition'}]
2026-05-25 16:17:24 - ERROR - ciberheroe.google_module.etl: line 34
         - Non-retriable error 400: [{'message': 'Mail service not enabled', 'domain': 'global', 'reason': 'failedPrecondition'}]
2026-05-25 16:17:26 - ERROR - ciberheroe.google_module.etl: line 34
         - Non-retriable error 400: [{'message': 'Mail service not enabled', 'domain': 'global', 'reason': 'failedPrecondition'}]
2026-05-25 16:17:26 - ERROR - ciberheroe.google_module.etl: line 34
         - Non-retriable error 400: [{'message': 'Mail service not enabled', 'domain': 'global', 'reason': 'failedPrecondition'}]
2026-05-25 16:17:26 - ERROR - ciberheroe.google_module.etl: line 34
         - Non-retriable error 400: [{'message': 'Mail service not enabled', 'domain': 'global', 'reason': 'failedPrecondition'}]
2026-05-25 16:17:27 - ERROR - ciberheroe.google_module.etl: line 34
         - Non-retriable error 400: [{'message': 'Mail service not enabled', 'domain': 'global', 'reason': 'failedPrecondition'}]
2026-05-25 16:17:27 - ERROR - ciberheroe.google_module.etl: line 34
         - Non-retriable error 400: [{'message': 'Mail service not enabled', 'domain': 'global', 'reason': 'failedPrecondition'}]
2026-05-25 16:17:28 - ERROR - ciberheroe.google_module.etl: line 34
         - Non-retriable error 400: [{'message': 'Mail service not enabled', 'domain': 'global', 'reason': 'failedPrecondition'}]
2026-05-25 16:17:28 - ERROR - ciberheroe.google_module.etl: line 34
         - Non-retriable error 400: [{'message': 'Mail service not enabled', 'domain': 'global', 'reason': 'failedPrecondition'}]
2026-05-25 16:17:28 - ERROR - ciberheroe.google_module.etl: line 34
         - Non-retriable error 400: [{'message': 'Mail service not enabled', 'domain': 'global', 'reason': 'failedPrecondition'}]
2026-05-25 16:17:29 - ERROR - ciberheroe.google_module.etl: line 34
         - Non-retriable error 400: [{'message': 'Mail service not enabled', 'domain': 'global', 'reason': 'failedPrecondition'}]
2026-05-25 16:17:30 - ERROR - ciberheroe.google_module.etl: line 34
         - Non-retriable error 400: [{'message': 'Mail service not enabled', 'domain': 'global', 'reason': 'failedPrecondition'}]
2026-05-25 16:17:30 - ERROR - ciberheroe.google_module.etl: line 34
         - Non-retriable error 400: [{'message': 'Mail service not enabled', 'domain': 'global', 'reason': 'failedPrecondition'}]
2026-05-25 16:17:30 - ERROR - ciberheroe.google_module.etl: line 34
         - Non-retriable error 400: [{'message': 'Mail service not enabled', 'domain': 'global', 'reason': 'failedPrecondition'}]
2026-05-25 16:17:31 - ERROR - ciberheroe.google_module.etl: line 34
         - Non-retriable error 400: [{'message': 'Mail service not enabled', 'domain': 'global', 'reason': 'failedPrecondition'}]
2026-05-25 16:17:31 - ERROR - ciberheroe.google_module.etl: line 34
         - Non-retriable error 400: [{'message': 'Mail service not enabled', 'domain': 'global', 'reason': 'failedPrecondition'}]
2026-05-25 16:17:33 - ERROR - ciberheroe.google_module.etl: line 34
         - Non-retriable error 400: [{'message': 'Mail service not enabled', 'domain': 'global', 'reason': 'failedPrecondition'}]
2026-05-25 16:17:34 - ERROR - ciberheroe.google_module.etl: line 34
         - Non-retriable error 400: [{'message': 'Mail service not enabled', 'domain': 'global', 'reason': 'failedPrecondition'}]
2026-05-25 16:17:34 - ERROR - ciberheroe.google_module.etl: line 34
         - Non-retriable error 400: [{'message': 'Mail service not enabled', 'domain': 'global', 'reason': 'failedPrecondition'}]
2026-05-25 16:17:37 - ERROR - ciberheroe.google_module.etl: line 34
         - Non-retriable error 400: [{'message': 'Mail service not enabled', 'domain': 'global', 'reason': 'failedPrecondition'}]
2026-05-25 16:17:38 - ERROR - ciberheroe.google_module.etl: line 34
         - Non-retriable error 400: [{'message': 'Mail service not enabled', 'domain': 'global', 'reason': 'failedPrecondition'}]
2026-05-25 16:17:38 - ERROR - ciberheroe.google_module.etl: line 34
         - Non-retriable error 400: [{'message': 'Mail service not enabled', 'domain': 'global', 'reason': 'failedPrecondition'}]
2026-05-25 16:17:40 - ERROR - ciberheroe.google_module.etl: line 34
         - Non-retriable error 400: [{'message': 'Mail service not enabled', 'domain': 'global', 'reason': 'failedPrecondition'}]
2026-05-25 16:17:44 - ERROR - ciberheroe.google_module.etl: line 34
         - Non-retriable error 400: [{'message': 'Mail service not enabled', 'domain': 'global', 'reason': 'failedPrecondition'}]
2026-05-25 16:17:44 - ERROR - ciberheroe.google_module.etl: line 34
         - Non-retriable error 400: [{'message': 'Mail service not enabled', 'domain': 'global', 'reason': 'failedPrecondition'}]
2026-05-25 16:17:45 - ERROR - ciberheroe.google_module.etl: line 34
         - Non-retriable error 400: [{'message': 'Mail service not enabled', 'domain': 'global', 'reason': 'failedPrecondition'}]
2026-05-25 16:17:45 - ERROR - ciberheroe.google_module.etl: line 34
         - Non-retriable error 400: [{'message': 'Mail service not enabled', 'domain': 'global', 'reason': 'failedPrecondition'}]
2026-05-25 16:17:45 - ERROR - ciberheroe.google_module.etl: line 206
         - Se han registrado 203 usuarios cuyo email no se puede acceder
2026-05-25 16:17:45 - INFO - ciberheroe.google_module.etl: line 209
         - Completada la extracción, empezando la inserción en la BD...
2026-05-25 16:17:46 - INFO - ciberheroe.google_module.etl: line 47
         - Insertadas las métricas de Google para cada usuario
